[INFO] Scanning for projects...
[INFO] ------------------------------------------------------------------------
[INFO] Reactor Build Order:
[INFO] 
[INFO] food-delivery                                                      [pom]
[INFO]                                                                    [jar]
[INFO]                                                                    [jar]
[INFO]                                                                    [jar]
[INFO] restaurant-service                                                 [jar]
[INFO] 
[INFO] ---------------------< com.codecafe:food-delivery >---------------------
[INFO] Building food-delivery 0.0.1-SNAPSHOT                              [1/5]
[INFO]   from pom.xml
[INFO] --------------------------------[ pom ]---------------------------------
[INFO] 
[INFO] --- clean:3.4.1:clean (default-clean) @ food-delivery ---
[INFO] 
[INFO] ----------------------< com.codecafe:api-gateway >----------------------
[INFO] Building  0.0.1-SNAPSHOT                                           [2/5]
[INFO]   from api-gateway\pom.xml
[INFO] --------------------------------[ jar ]---------------------------------
[INFO] 
[INFO] --- clean:3.4.1:clean (default-clean) @ api-gateway ---
[INFO] Deleting E:\Projects\food-delivery\api-gateway\target
[INFO] 
[INFO] --- resources:3.3.1:resources (default-resources) @ api-gateway ---
[INFO] Copying 1 resource from src\main\resources to target\classes
[INFO] Copying 0 resource from src\main\resources to target\classes
[INFO] 
[INFO] --- compiler:3.14.1:compile (default-compile) @ api-gateway ---
[INFO] Recompiling the module because of changed source code.
[INFO] Compiling 1 source file with javac [debug parameters release 17] to target\classes
[INFO] -------------------------------------------------------------
[ERROR] COMPILATION ERROR : 
[INFO] -------------------------------------------------------------
[ERROR] /E:/Projects/food-delivery/api-gateway/src/main/java/com/codecafe/api_gateway/ApiGatewayApplication.java:[11,46] ')' expected
[ERROR] /E:/Projects/food-delivery/api-gateway/src/main/java/com/codecafe/api_gateway/ApiGatewayApplication.java:[11,57] ';' expected
[INFO] 2 errors 
[INFO] -------------------------------------------------------------
[INFO] ------------------------------------------------------------------------
[INFO] Reactor Summary for food-delivery 0.0.1-SNAPSHOT:
[INFO] 
[INFO] food-delivery ...................................... SUCCESS [  0.160 s]
[INFO]  ................................................... FAILURE [  1.284 s]
[INFO]  ................................................... SKIPPED
[INFO]  ................................................... SKIPPED
[INFO] restaurant-service ................................. SKIPPED
[INFO] ------------------------------------------------------------------------
[INFO] BUILD FAILURE
[INFO] ------------------------------------------------------------------------
[INFO] Total time:  1.937 s
[INFO] Finished at: 2026-04-04T14:22:59+05:30
[INFO] ------------------------------------------------------------------------
[ERROR] Failed to execute goal org.apache.maven.plugins:maven-compiler-plugin:3.14.1:compile (default-compile) on project api-gateway: Compilation failure: Compilation failure: 
[ERROR] /E:/Projects/food-delivery/api-gateway/src/main/java/com/codecafe/api_gateway/ApiGatewayApplication.java:[11,46] ')' expected
[ERROR] /E:/Projects/food-delivery/api-gateway/src/main/java/com/codecafe/api_gateway/ApiGatewayApplication.java:[11,57] ';' expected
[ERROR] -> [Help 1]
[ERROR] 
[ERROR] To see the full stack trace of the errors, re-run Maven with the -e switch.
[ERROR] Re-run Maven using the -X switch to enable full debug logging.
[ERROR] 
[ERROR] For more information about the errors and possible solutions, please read the following articles:
[ERROR] [Help 1] http://cwiki.apache.org/confluence/display/MAVEN/MojoFailureException
[ERROR] 
[ERROR] After correcting the problems, you can resume the build with the command
[ERROR]   mvn <args> -rf :api-gateway
